#
# There is insufficient memory for the Java Runtime Environment to continue.
# Native memory allocation (mmap) failed to map 268435456 bytes. Error detail: G1 virtual space
# Possible reasons:
#   The system is out of physical RAM or swap space
#   This process is running with CompressedOops enabled, and the Java Heap may be blocking the growth of the native heap
# Possible solutions:
#   Reduce memory load on the system
#   Increase physical memory or swap space
#   Check if swap backing store is full
#   Decrease Java heap size (-Xmx/-Xms)
#   Decrease number of Java threads
#   Decrease Java thread stack sizes (-Xss)
#   Set larger code cache with -XX:ReservedCodeCacheSize=
#   JVM is running with Zero Based Compressed Oops mode in which the Java heap is
#     placed in the first 32GB address space. The Java Heap base address is the
#     maximum limit for the native heap growth. Please use -XX:HeapBaseMinAddress
#     to set the Java Heap base and to place the Java Heap above 32GB virtual address.
# This output file may be truncated or incomplete.
#
#  Out of Memory Error (os_windows.cpp:3926), pid=46868, tid=34792
#
# JRE version:  (21.0.10) (build )
# Java VM: OpenJDK 64-Bit Server VM (21.0.10+-14961533-b1163.108, mixed mode, sharing, tiered, compressed oops, compressed class ptrs, g1 gc, windows-amd64)
# No core dump will be written. Minidumps are not enabled by default on client versions of Windows
#

---------------  S U M M A R Y ------------

Command Line: 

Host: AMD Ryzen 5 3600 6-Core Processor              , 12 cores, 15G,  Windows 11 , 64 bit Build 26100 (10.0.26100.8246)
Time: Sun Apr 26 12:19:53 2026 Pakistan Standard Time elapsed time: 1.500067 seconds (0d 0h 0m 1s)

---------------  T H R E A D  ---------------

Current thread (0x0000023676be8c40):  JavaThread "Unknown thread" [_thread_in_vm, id=34792, stack(0x0000009fe1b00000,0x0000009fe1c00000) (1024K)]

Stack: [0x0000009fe1b00000,0x0000009fe1c00000]
Native frames: (J=compiled Java code, j=interpreted, Vv=VM code, C=native code)
V  [jvm.dll+0x6d78a9]
V  [jvm.dll+0x8665b3]
V  [jvm.dll+0x868bde]
V  [jvm.dll+0x8692c3]
V  [jvm.dll+0x280ee6]
V  [jvm.dll+0x6d4165]
V  [jvm.dll+0x6c77fa]
V  [jvm.dll+0x358f4b]
V  [jvm.dll+0x360bc6]
V  [jvm.dll+0x3b2ea6]
V  [jvm.dll+0x3b3178]
V  [jvm.dll+0x32b65c]
V  [jvm.dll+0x32c34b]
V  [jvm.dll+0x82f449]
V  [jvm.dll+0x3c0078]
V  [jvm.dll+0x8185e8]
V  [jvm.dll+0x45449e]
V  [jvm.dll+0x455c01]
C  [jli.dll+0x52ab]
C  [ucrtbase.dll+0x37b0]
C  [KERNEL32.DLL+0x2e8d7]
C  [ntdll.dll+0x8c3fc]


---------------  P R O C E S S  ---------------

Threads class SMR info:
_java_thread_list=0x00007ffa92ceb9c8, length=0, elements={
}

Java Threads: ( => current thread )
Total: 0

Other Threads:
  0x0000023679015250 WorkerThread "GC Thread#0"                     [id=13440, stack(0x0000009fe1c00000,0x0000009fe1d00000) (1024K)]
  0x0000023679027120 ConcurrentGCThread "G1 Main Marker"            [id=44544, stack(0x0000009fe1d00000,0x0000009fe1e00000) (1024K)]
  0x0000023679027c30 WorkerThread "G1 Conc#0"                       [id=16032, stack(0x0000009fe1e00000,0x0000009fe1f00000) (1024K)]

[error occurred during error reporting (printing all threads), id 0xc0000005, EXCEPTION_ACCESS_VIOLATION (0xc0000005) at pc=0x00007ffa924de637]
VM state: not at safepoint (not fully initialized)

VM Mutex/Monitor currently owned by a thread:  ([mutex/lock_event])
[0x00007ffa92d587d0] Heap_lock - owner thread: 0x0000023676be8c40

Heap address: 0x0000000701200000, size: 4078 MB, Compressed Oops mode: Zero based, Oop shift amount: 3

CDS archive(s) mapped at: [0x0000000000000000-0x0000000000000000-0x0000000000000000), size 0, SharedBaseAddress: 0x0000000800000000, ArchiveRelocationMode: 1.
Narrow klass base: 0x0000000000000000, Narrow klass shift: 0, Narrow klass range: 0x0

GC Precious Log:
 CardTable entry size: 512
 Card Set container configuration: InlinePtr #cards 4 size 8 Array Of Cards #cards 16 size 48 Howl #buckets 8 coarsen threshold 3686 Howl Bitmap #cards 512 size 80 coarsen threshold 460 Card regions per heap region 1 cards per card region 4096

Heap:
 garbage-first heap   total 0K, used 0K [0x0000000701200000, 0x0000000800000000)
  region size 2048K, 0 young (0K), 0 survivors (0K)
 Metaspace       used 0K, committed 0K, reserved 0K
  class space    used 0K, committed 0K, reserved 0K

Heap Regions: E=young(eden), S=young(survivor), O=old, HS=humongous(starts), HC=humongous(continues), CS=collection set, F=free, TAMS=top-at-mark-start, PB=parsable bottom

Card table byte_map: [0x000002367ce70000,0x000002367d670000] _byte_map_base: 0x0000023679667000

Marking Bits: (CMBitMap*) 0x0000023679016970
 Bits: [0x000002360f000000, 0x0000023612fb8000)

GC Heap History (0 events):
No events

Dll operation events (1 events):
Event: 0.025 Loaded shared library C:\Program Files\Android\Android Studio\jbr\bin\java.dll

Deoptimization events (0 events):
No events

Classes loaded (0 events):
No events

Classes unloaded (0 events):
No events

Classes redefined (0 events):
No events

Internal exceptions (0 events):
No events

ZGC Phase Switch (0 events):
No events

VM Operations (0 events):
No events

Memory protections (0 events):
No events

Nmethod flushes (0 events):
No events

Events (0 events):
No events


Dynamic libraries:
0x00007ff7feab0000 - 0x00007ff7feaba000 	C:\Program Files\Android\Android Studio\jbr\bin\java.EXE
0x00007ffae4620000 - 0x00007ffae4887000 	C:\WINDOWS\SYSTEM32\ntdll.dll
0x00007ffae31f0000 - 0x00007ffae32b9000 	C:\WINDOWS\System32\KERNEL32.DLL
0x00007ffae1af0000 - 0x00007ffae1ee4000 	C:\WINDOWS\System32\KERNELBASE.dll
0x00007ffae0fb0000 - 0x00007ffae10fb000 	C:\WINDOWS\System32\ucrtbase.dll
0x00007ffad4f10000 - 0x00007ffad4f2b000 	C:\Program Files\Android\Android Studio\jbr\bin\VCRUNTIME140.dll
0x00007ffad4f30000 - 0x00007ffad4f48000 	C:\Program Files\Android\Android Studio\jbr\bin\jli.dll
0x00007ffae4080000 - 0x00007ffae4245000 	C:\WINDOWS\System32\USER32.dll
0x00007ffacf860000 - 0x00007ffacfaf3000 	C:\WINDOWS\WinSxS\amd64_microsoft.windows.common-controls_6595b64144ccf1df_6.0.26100.8115_none_3e075c82e3354f9c\COMCTL32.dll
0x00007ffae1ef0000 - 0x00007ffae1f17000 	C:\WINDOWS\System32\win32u.dll
0x00007ffae32c0000 - 0x00007ffae32eb000 	C:\WINDOWS\System32\GDI32.dll
0x00007ffae3e30000 - 0x00007ffae3ed9000 	C:\WINDOWS\System32\msvcrt.dll
0x00007ffae2280000 - 0x00007ffae23ab000 	C:\WINDOWS\System32\gdi32full.dll
0x00007ffae2060000 - 0x00007ffae2103000 	C:\WINDOWS\System32\msvcp_win.dll
0x00007ffae42a0000 - 0x00007ffae42d2000 	C:\WINDOWS\System32\IMM32.DLL
0x00007ffad30a0000 - 0x00007ffad30ac000 	C:\Program Files\Android\Android Studio\jbr\bin\vcruntime140_1.dll
0x00007ffa9c250000 - 0x00007ffa9c2dd000 	C:\Program Files\Android\Android Studio\jbr\bin\msvcp140.dll
0x00007ffa921a0000 - 0x00007ffa92e36000 	C:\Program Files\Android\Android Studio\jbr\bin\server\jvm.dll
0x00007ffae3300000 - 0x00007ffae33b6000 	C:\WINDOWS\System32\ADVAPI32.dll
0x00007ffae2ec0000 - 0x00007ffae2f67000 	C:\WINDOWS\System32\sechost.dll
0x00007ffae23b0000 - 0x00007ffae24c8000 	C:\WINDOWS\System32\RPCRT4.dll
0x00007ffae4550000 - 0x00007ffae45d0000 	C:\WINDOWS\System32\WS2_32.dll
0x00007ffae0ba0000 - 0x00007ffae0bfe000 	C:\WINDOWS\SYSTEM32\POWRPROF.dll
0x00007ffad9480000 - 0x00007ffad94b6000 	C:\WINDOWS\SYSTEM32\WINMM.dll
0x00007ffadba40000 - 0x00007ffadba4b000 	C:\WINDOWS\SYSTEM32\VERSION.dll
0x00007ffae0b80000 - 0x00007ffae0b94000 	C:\WINDOWS\SYSTEM32\UMPDC.dll
0x00007ffadfc80000 - 0x00007ffadfc9b000 	C:\WINDOWS\SYSTEM32\kernel.appcore.dll
0x00007ffad3090000 - 0x00007ffad309a000 	C:\Program Files\Android\Android Studio\jbr\bin\jimage.dll
0x00007ffad89c0000 - 0x00007ffad8c02000 	C:\WINDOWS\SYSTEM32\DBGHELP.DLL
0x00007ffae24d0000 - 0x00007ffae2852000 	C:\WINDOWS\System32\combase.dll
0x00007ffae3d50000 - 0x00007ffae3e28000 	C:\WINDOWS\System32\OLEAUT32.dll
0x00007ffadd570000 - 0x00007ffadd5ab000 	C:\WINDOWS\SYSTEM32\dbgcore.DLL
0x00007ffae1fb0000 - 0x00007ffae2055000 	C:\WINDOWS\System32\bcryptPrimitives.dll
0x00007ffad0df0000 - 0x00007ffad0e10000 	C:\Program Files\Android\Android Studio\jbr\bin\java.dll

JVMTI agents: none

dbghelp: loaded successfully - version: 4.0.5 - missing functions: none
symbol engine: initialized successfully - sym options: 0x614 - pdb path: .;C:\Program Files\Android\Android Studio\jbr\bin;C:\WINDOWS\SYSTEM32;C:\WINDOWS\WinSxS\amd64_microsoft.windows.common-controls_6595b64144ccf1df_6.0.26100.8115_none_3e075c82e3354f9c;C:\Program Files\Android\Android Studio\jbr\bin\server

VM Arguments:
java_command: <unknown>
java_class_path (initial): <not set>
Launcher Type: SUN_STANDARD

[Global flags]
     intx CICompilerCount                          = 4                                         {product} {ergonomic}
     uint ConcGCThreads                            = 3                                         {product} {ergonomic}
     uint G1ConcRefinementThreads                  = 10                                        {product} {ergonomic}
   size_t G1HeapRegionSize                         = 2097152                                   {product} {ergonomic}
    uintx GCDrainStackTargetSize                   = 64                                        {product} {ergonomic}
   size_t InitialHeapSize                          = 268435456                                 {product} {ergonomic}
   size_t MarkStackSize                            = 4194304                                   {product} {ergonomic}
   size_t MaxHeapSize                              = 4276092928                                {product} {ergonomic}
   size_t MinHeapDeltaBytes                        = 2097152                                   {product} {ergonomic}
   size_t MinHeapSize                              = 8388608                                   {product} {ergonomic}
    uintx NonNMethodCodeHeapSize                   = 5839372                                {pd product} {ergonomic}
    uintx NonProfiledCodeHeapSize                  = 122909434                              {pd product} {ergonomic}
    uintx ProfiledCodeHeapSize                     = 122909434                              {pd product} {ergonomic}
    uintx ReservedCodeCacheSize                    = 251658240                              {pd product} {ergonomic}
     bool SegmentedCodeCache                       = true                                      {product} {ergonomic}
   size_t SoftMaxHeapSize                          = 4276092928                             {manageable} {ergonomic}
     bool UseCompressedOops                        = true                           {product lp64_product} {ergonomic}
     bool UseG1GC                                  = true                                      {product} {ergonomic}
     bool UseLargePagesIndividualAllocation        = false                                  {pd product} {ergonomic}

Logging:
Log output configuration:
 #0: stdout all=warning uptime,level,tags foldmultilines=false
 #1: stderr all=off uptime,level,tags foldmultilines=false

Release file:
<release file has not been read>
Environment Variables:
JAVA_HOME=C:\Program Files\Android\Android Studio\jbr
PATH=C:\Program Files\Android\Android Studio\jbr\bin;C:\WINDOWS\system32;C:\WINDOWS;C:\WINDOWS\System32\Wbem;C:\WINDOWS\System32\WindowsPowerShell\v1.0\;C:\WINDOWS\System32\OpenSSH\;C:\Program Files\NVIDIA Corporation\NVIDIA App\NvDLISR;C:\development\;C:\development\nodejs;C:\Program Files\cursor\resources\app\bin;C:\Program Files\dotnet\;C:\ProgramData\anaconda3;C:\ProgramData\anaconda3\Scripts;C:\development\flutter\bin;C:\Users\Muhammad Anas Ayub\AppData\Local\Microsoft\WindowsApps;C:\Users\Muhammad Anas Ayub\AppData\Roaming\npm;C:\Users\Muhammad Anas Ayub\AppData\Local\Programs\Microsoft VS Code\bin;C:\Program Files\Android\Android Studio\jbr;C:\Users\Muhammad Anas Ayub\AppData\Local\Programs\cursor\resources\app\bin;C:\Users\Muhammad Anas Ayub\AppData\Local\Programs\Antigravity\bin;C:\Users\Muhammad Anas Ayub\AppData\Local\GitHubDesktop\bin;C:\ProgramData\anaconda3\Library\bin;;C:\development\flutter\bin\mingit\cmd;C:\development\flutter\bin\mingit\cmd
USERNAME=Muhammad Anas Ayub
OS=Windows_NT
PROCESSOR_IDENTIFIER=AMD64 Family 23 Model 113 Stepping 0, AuthenticAMD
TMP=C:\Users\MUHAMM~1\AppData\Local\Temp
TEMP=C:\Users\MUHAMM~1\AppData\Local\Temp




Periodic native trim disabled

JNI global refs:
JNI global refs: 0, weak refs: 0

JNI global refs memory usage: 0, weak refs: 0

Process memory usage:
Resident Set Size: 13244K (0% of 16701124K total physical memory with 1472956K free physical memory)

OOME stack traces (most recent first):
Classloader memory used:

---------------  S Y S T E M  ---------------

OS:
 Windows 11 , 64 bit Build 26100 (10.0.26100.8246)
OS uptime: 0 days 20:26 hours

CPU: total 12 (initial active 12) (12 cores per cpu, 2 threads per core) family 23 model 113 stepping 0 microcode 0x8701030, cx8, cmov, fxsr, ht, mmx, 3dnowpref, sse, sse2, sse3, ssse3, sse4a, sse4.1, sse4.2, popcnt, lzcnt, tsc, tscinvbit, avx, avx2, aes, clmul, bmi1, bmi2, adx, sha, fma, vzeroupper, clflush, clflushopt, rdtscp, rdpid, f16c
Processor Information for the first 12 processors :
  Max Mhz: 3600, Current Mhz: 3600, Mhz Limit: 3600

Memory: 4k page, system-wide physical 16309M (1438M free)
TotalPageFile size 28597M (AvailPageFile size 34M)
current process WorkingSet (physical memory assigned to process): 12M, peak: 12M
current process commit charge ("private bytes"): 64M, peak: 320M

vm_info: OpenJDK 64-Bit Server VM (21.0.10+-14961533-b1163.108) for windows-amd64 JRE (21.0.10+-14961533-b1163.108), built on 2026-03-02T19:58:50Z by "builder" with MS VC++ 16.10 / 16.11 (VS2019)

END.
